-- The C compiler identification is GNU 13.3.0
-- The CXX compiler identification is GNU 13.3.0
-- Detecting C compiler ABI info
-- Detecting C compiler ABI info - done
-- Check for working C compiler: /usr/bin/cc - skipped
-- Detecting C compile features
-- Detecting C compile features - done
-- Detecting CXX compiler ABI info
-- Detecting CXX compiler ABI info - done
-- Check for working CXX compiler: /usr/bin/c++ - skipped
-- Detecting CXX compile features
-- Detecting CXX compile features - done
-- Found ament_cmake: 2.5.4 (/opt/ros/jazzy/share/ament_cmake/cmake)
-- Found Python3: /usr/bin/python3 (found version "3.12.3") found components: Interpreter 
-- Found rclcpp: 28.1.12 (/opt/ros/jazzy/share/rclcpp/cmake)
-- Found rosidl_generator_c: 4.6.6 (/opt/ros/jazzy/share/rosidl_generator_c/cmake)
-- Found rosidl_generator_cpp: 4.6.6 (/opt/ros/jazzy/share/rosidl_generator_cpp/cmake)
-- Using all available rosidl_typesupport_c: rosidl_typesupport_fastrtps_c;rosidl_typesupport_introspection_c
-- Using all available rosidl_typesupport_cpp: rosidl_typesupport_fastrtps_cpp;rosidl_typesupport_introspection_cpp
-- Found rmw_implementation_cmake: 7.3.2 (/opt/ros/jazzy/share/rmw_implementation_cmake/cmake)
-- Found rmw_fastrtps_cpp: 8.4.3 (/opt/ros/jazzy/share/rmw_fastrtps_cpp/cmake)
-- Found OpenSSL: /usr/lib/x86_64-linux-gnu/libcrypto.so (found version "3.0.13")  
-- Found FastRTPS: /opt/ros/jazzy/include (Required is at least version "2.13") 
-- Using RMW implementation 'rmw_fastrtps_cpp' as default
-- Found std_msgs: 5.3.6 (/opt/ros/jazzy/share/std_msgs/cmake)
-- Configuring done (2.8s)
-- Generating done (0.0s)
-- Build files have been written to: /home/vboxuser/ros2_ws/build/panda_controller
[ 50%] [32mBuilding CXX object CMakeFiles/panda_joint_controller.dir/src/panda_joint_controller.cpp.o[0m
[100%] [32m[1mLinking CXX executable panda_joint_controller[0m
[100%] Built target panda_joint_controller
-- Install configuration: ""
-- Installing: /home/vboxuser/ros2_ws/install/panda_controller/lib/panda_controller/panda_joint_controller
-- Set non-toolchain portion of runtime path of "/home/vboxuser/ros2_ws/install/panda_controller/lib/panda_controller/panda_joint_controller" to ""
-- Installing: /home/vboxuser/ros2_ws/install/panda_controller/share/ament_index/resource_index/package_run_dependencies/panda_controller
-- Installing: /home/vboxuser/ros2_ws/install/panda_controller/share/ament_index/resource_index/parent_prefix_path/panda_controller
-- Installing: /home/vboxuser/ros2_ws/install/panda_controller/share/panda_controller/environment/ament_prefix_path.sh
-- Installing: /home/vboxuser/ros2_ws/install/panda_controller/share/panda_controller/environment/ament_prefix_path.dsv
-- Installing: /home/vboxuser/ros2_ws/install/panda_controller/share/panda_controller/environment/path.sh
-- Installing: /home/vboxuser/ros2_ws/install/panda_controller/share/panda_controller/environment/path.dsv
-- Installing: /home/vboxuser/ros2_ws/install/panda_controller/share/panda_controller/local_setup.bash
-- Installing: /home/vboxuser/ros2_ws/install/panda_controller/share/panda_controller/local_setup.sh
-- Installing: /home/vboxuser/ros2_ws/install/panda_controller/share/panda_controller/local_setup.zsh
-- Installing: /home/vboxuser/ros2_ws/install/panda_controller/share/panda_controller/local_setup.dsv
-- Installing: /home/vboxuser/ros2_ws/install/panda_controller/share/panda_controller/package.dsv
-- Installing: /home/vboxuser/ros2_ws/install/panda_controller/share/ament_index/resource_index/packages/panda_controller
-- Installing: /home/vboxuser/ros2_ws/install/panda_controller/share/panda_controller/cmake/panda_controllerConfig.cmake
-- Installing: /home/vboxuser/ros2_ws/install/panda_controller/share/panda_controller/cmake/panda_controllerConfig-version.cmake
-- Installing: /home/vboxuser/ros2_ws/install/panda_controller/share/panda_controller/package.xml
