[0.034s] Invoking command in '/home/vboxuser/ros2_ws/build/panda_controller': CMAKE_PREFIX_PATH=${CMAKE_PREFIX_PATH}:/opt/ros/jazzy DEBUGINFOD_URLS=https://debuginfod.ubuntu.com /usr/bin/cmake /home/vboxuser/ros2_ws/src/panda_controller -DCMAKE_INSTALL_PREFIX=/home/vboxuser/ros2_ws/install/panda_controller
[0.486s] -- The C compiler identification is GNU 13.3.0
[0.842s] -- The CXX compiler identification is GNU 13.3.0
[0.900s] -- Detecting C compiler ABI info
[1.086s] -- Detecting C compiler ABI info - done
[1.094s] -- Check for working C compiler: /usr/bin/cc - skipped
[1.096s] -- Detecting C compile features
[1.097s] -- Detecting C compile features - done
[1.116s] -- Detecting CXX compiler ABI info
[1.269s] -- Detecting CXX compiler ABI info - done
[1.276s] -- Check for working CXX compiler: /usr/bin/c++ - skipped
[1.276s] -- Detecting CXX compile features
[1.277s] -- Detecting CXX compile features - done
[1.321s] -- Found ament_cmake: 2.5.4 (/opt/ros/jazzy/share/ament_cmake/cmake)
[1.532s] -- Found Python3: /usr/bin/python3 (found version "3.12.3") found components: Interpreter 
[1.789s] -- Found rclcpp: 28.1.12 (/opt/ros/jazzy/share/rclcpp/cmake)
[1.928s] -- Found rosidl_generator_c: 4.6.6 (/opt/ros/jazzy/share/rosidl_generator_c/cmake)
[1.964s] -- Found rosidl_generator_cpp: 4.6.6 (/opt/ros/jazzy/share/rosidl_generator_cpp/cmake)
[2.023s] -- Using all available rosidl_typesupport_c: rosidl_typesupport_fastrtps_c;rosidl_typesupport_introspection_c
[2.080s] -- Using all available rosidl_typesupport_cpp: rosidl_typesupport_fastrtps_cpp;rosidl_typesupport_introspection_cpp
[2.297s] -- Found rmw_implementation_cmake: 7.3.2 (/opt/ros/jazzy/share/rmw_implementation_cmake/cmake)
[2.313s] -- Found rmw_fastrtps_cpp: 8.4.3 (/opt/ros/jazzy/share/rmw_fastrtps_cpp/cmake)
[2.559s] -- Found OpenSSL: /usr/lib/x86_64-linux-gnu/libcrypto.so (found version "3.0.13")  
[2.588s] -- Found FastRTPS: /opt/ros/jazzy/include (Required is at least version "2.13") 
[2.617s] -- Using RMW implementation 'rmw_fastrtps_cpp' as default
[2.809s] -- Found std_msgs: 5.3.6 (/opt/ros/jazzy/share/std_msgs/cmake)
[2.979s] -- Configuring done (2.8s)
[2.992s] -- Generating done (0.0s)
[2.997s] -- Build files have been written to: /home/vboxuser/ros2_ws/build/panda_controller
[3.011s] Invoked command in '/home/vboxuser/ros2_ws/build/panda_controller' returned '0': CMAKE_PREFIX_PATH=${CMAKE_PREFIX_PATH}:/opt/ros/jazzy DEBUGINFOD_URLS=https://debuginfod.ubuntu.com /usr/bin/cmake /home/vboxuser/ros2_ws/src/panda_controller -DCMAKE_INSTALL_PREFIX=/home/vboxuser/ros2_ws/install/panda_controller
[3.014s] Invoking command in '/home/vboxuser/ros2_ws/build/panda_controller': CMAKE_PREFIX_PATH=${CMAKE_PREFIX_PATH}:/opt/ros/jazzy DEBUGINFOD_URLS=https://debuginfod.ubuntu.com /usr/bin/cmake --build /home/vboxuser/ros2_ws/build/panda_controller -- -j4 -l4
[3.094s] [ 50%] [32mBuilding CXX object CMakeFiles/panda_joint_controller.dir/src/panda_joint_controller.cpp.o[0m
[9.439s] [100%] [32m[1mLinking CXX executable panda_joint_controller[0m
[9.826s] [100%] Built target panda_joint_controller
[9.847s] Invoked command in '/home/vboxuser/ros2_ws/build/panda_controller' returned '0': CMAKE_PREFIX_PATH=${CMAKE_PREFIX_PATH}:/opt/ros/jazzy DEBUGINFOD_URLS=https://debuginfod.ubuntu.com /usr/bin/cmake --build /home/vboxuser/ros2_ws/build/panda_controller -- -j4 -l4
[9.864s] Invoking command in '/home/vboxuser/ros2_ws/build/panda_controller': CMAKE_PREFIX_PATH=${CMAKE_PREFIX_PATH}:/opt/ros/jazzy DEBUGINFOD_URLS=https://debuginfod.ubuntu.com /usr/bin/cmake --install /home/vboxuser/ros2_ws/build/panda_controller
[9.877s] -- Install configuration: ""
[9.877s] -- Installing: /home/vboxuser/ros2_ws/install/panda_controller/lib/panda_controller/panda_joint_controller
[9.882s] -- Set non-toolchain portion of runtime path of "/home/vboxuser/ros2_ws/install/panda_controller/lib/panda_controller/panda_joint_controller" to ""
[9.883s] -- Installing: /home/vboxuser/ros2_ws/install/panda_controller/share/ament_index/resource_index/package_run_dependencies/panda_controller
[9.883s] -- Installing: /home/vboxuser/ros2_ws/install/panda_controller/share/ament_index/resource_index/parent_prefix_path/panda_controller
[9.884s] -- Installing: /home/vboxuser/ros2_ws/install/panda_controller/share/panda_controller/environment/ament_prefix_path.sh
[9.884s] -- Installing: /home/vboxuser/ros2_ws/install/panda_controller/share/panda_controller/environment/ament_prefix_path.dsv
[9.884s] -- Installing: /home/vboxuser/ros2_ws/install/panda_controller/share/panda_controller/environment/path.sh
[9.884s] -- Installing: /home/vboxuser/ros2_ws/install/panda_controller/share/panda_controller/environment/path.dsv
[9.884s] -- Installing: /home/vboxuser/ros2_ws/install/panda_controller/share/panda_controller/local_setup.bash
[9.886s] -- Installing: /home/vboxuser/ros2_ws/install/panda_controller/share/panda_controller/local_setup.sh
[9.886s] -- Installing: /home/vboxuser/ros2_ws/install/panda_controller/share/panda_controller/local_setup.zsh
[9.886s] -- Installing: /home/vboxuser/ros2_ws/install/panda_controller/share/panda_controller/local_setup.dsv
[9.886s] -- Installing: /home/vboxuser/ros2_ws/install/panda_controller/share/panda_controller/package.dsv
[9.886s] -- Installing: /home/vboxuser/ros2_ws/install/panda_controller/share/ament_index/resource_index/packages/panda_controller
[9.886s] -- Installing: /home/vboxuser/ros2_ws/install/panda_controller/share/panda_controller/cmake/panda_controllerConfig.cmake
[9.886s] -- Installing: /home/vboxuser/ros2_ws/install/panda_controller/share/panda_controller/cmake/panda_controllerConfig-version.cmake
[9.887s] -- Installing: /home/vboxuser/ros2_ws/install/panda_controller/share/panda_controller/package.xml
[9.889s] Invoked command in '/home/vboxuser/ros2_ws/build/panda_controller' returned '0': CMAKE_PREFIX_PATH=${CMAKE_PREFIX_PATH}:/opt/ros/jazzy DEBUGINFOD_URLS=https://debuginfod.ubuntu.com /usr/bin/cmake --install /home/vboxuser/ros2_ws/build/panda_controller
